2026-10-08 14:46:23 [main] INFO  com.testCases.TC_001_AccountRegistration - Opening chrome browser
2026-10-08 14:46:30 [main] INFO  com.testCases.TC_001_AccountRegistration - *********Starting Accountregitration testcase**********
2026-10-08 14:46:30 [main] INFO  com.testCases.TC_001_AccountRegistration - click on myaccount
2026-10-08 14:46:31 [main] INFO  com.testCases.TC_001_AccountRegistration - click on Register
2026-10-08 14:46:31 [main] INFO  com.testCases.TC_001_AccountRegistration - Providing customer details
2026-10-08 14:46:37 [main] INFO  com.testCases.TC_001_AccountRegistration - Valaidating confirmation message
2026-10-08 14:46:37 [main] INFO  com.testCases.TC_001_AccountRegistration - Account Created Successfully
2026-10-08 14:46:37 [main] INFO  com.testCases.TC_001_AccountRegistration - Account regstration test is finished
2026-10-08 14:46:38 [main] INFO  com.testCases.TC_002_UserLogin - Opening chrome browser
2026-10-08 14:46:41 [main] INFO  com.testCases.TC_002_UserLogin - *********Starting UserLogin testcase**********
2026-10-08 14:46:41 [main] INFO  com.testCases.TC_002_UserLogin - click on Myaccount
2026-10-08 14:46:41 [main] INFO  com.testCases.TC_002_UserLogin - click on Login
2026-10-08 14:46:41 [main] INFO  com.testCases.TC_002_UserLogin - Providing login details
2026-10-08 14:46:42 [main] INFO  com.testCases.TC_002_UserLogin - Validating login details
2026-10-08 14:46:43 [main] INFO  com.testCases.TC_002_UserLogin - Login Successfully
2026-10-08 14:46:43 [main] INFO  com.testCases.TC_002_UserLogin - login test is finished
2026-10-08 14:46:43 [main] INFO  com.testCases.TC_003_SearchCorrectProduct - Opening chrome browser
2026-10-08 14:46:46 [main] INFO  com.testCases.TC_003_SearchCorrectProduct - *********Starting SearchProduct testcase**********
2026-10-08 14:46:46 [main] INFO  com.testCases.TC_003_SearchCorrectProduct - Enter iMac procuctname
2026-10-08 14:46:48 [main] INFO  com.testCases.TC_003_SearchCorrectProduct - click on Searchproduct
2026-10-08 14:46:48 [main] INFO  com.testCases.TC_003_SearchCorrectProduct - Valadating correct product
2026-10-08 14:46:48 [main] INFO  com.testCases.TC_003_SearchCorrectProduct - product match
