2026-10-05 19:52:07 [main] INFO  com.testCases.TC_001_AccountRegistration - Opening chrome browser
2026-10-05 19:52:13 [main] INFO  com.testCases.TC_001_AccountRegistration - *********Starting Accountregitration testcase**********
2026-10-05 19:52:13 [main] INFO  com.testCases.TC_001_AccountRegistration - click on myaccount
2026-10-05 19:52:14 [main] INFO  com.testCases.TC_001_AccountRegistration - click on Register
2026-10-05 19:52:14 [main] INFO  com.testCases.TC_001_AccountRegistration - Providing customer details
2026-10-05 19:52:19 [main] INFO  com.testCases.TC_001_AccountRegistration - Valaidating confirmation message
2026-10-05 19:52:19 [main] INFO  com.testCases.TC_001_AccountRegistration - Account Created Successfully
2026-10-05 19:52:19 [main] INFO  com.testCases.TC_001_AccountRegistration - Account regstration test is finished
2026-10-05 19:52:19 [main] INFO  com.testCases.TC_001_AccountRegistration - Opening edge browser
2026-10-05 19:52:23 [main] INFO  com.testCases.TC_001_AccountRegistration - *********Starting Accountregitration testcase**********
2026-10-05 19:52:23 [main] INFO  com.testCases.TC_001_AccountRegistration - click on myaccount
2026-10-05 19:52:24 [main] INFO  com.testCases.TC_001_AccountRegistration - click on Register
2026-10-05 19:52:24 [main] INFO  com.testCases.TC_001_AccountRegistration - Providing customer details
2026-10-05 19:52:29 [main] INFO  com.testCases.TC_001_AccountRegistration - Valaidating confirmation message
2026-10-05 19:52:29 [main] INFO  com.testCases.TC_001_AccountRegistration - Account Created Successfully
2026-10-05 19:52:29 [main] INFO  com.testCases.TC_001_AccountRegistration - Account regstration test is finished
2026-10-05 19:52:29 [main] INFO  com.testCases.TC_001_AccountRegistration - Opening firefox browser
2026-10-05 19:52:37 [main] INFO  com.testCases.TC_001_AccountRegistration - *********Starting Accountregitration testcase**********
2026-10-05 19:52:37 [main] INFO  com.testCases.TC_001_AccountRegistration - click on myaccount
2026-10-05 19:52:38 [main] INFO  com.testCases.TC_001_AccountRegistration - click on Register
2026-10-05 19:52:38 [main] INFO  com.testCases.TC_001_AccountRegistration - Providing customer details
2026-10-05 19:52:44 [main] INFO  com.testCases.TC_001_AccountRegistration - Valaidating confirmation message
2026-10-05 19:52:44 [main] INFO  com.testCases.TC_001_AccountRegistration - Account Created Successfully
2026-10-05 19:52:44 [main] INFO  com.testCases.TC_001_AccountRegistration - Account regstration test is finished
